Please enter a meeting description:

Please enter a date:

Please enter a time:

Ok, I have added Go to school on 24/05/23 at 13:00.
Would you like to share this meeting? [y/n]: 



