Which task(s) would you like to mark as completed?
Buy groceries by 03/09/23
Finish the project by 5/09/23
Analyze economic outlook by 02/08/24
