Invalid choice. Please try again.
Invalid choice. Please try again.
